
> mps@0.1.0 dev
> next dev

NET 28629: setupListenHandle null 3000 4 0 undefined
NET 28629: setupListenHandle: create a handle
NET 28629: bind to ::
NET 28629: setupListenHandle null 3001 4 0 undefined
NET 28629: setupListenHandle: create a handle
NET 28629: bind to ::
NET 28629: _read - n 65536 isConnecting? false hasHandle? true
NET 28629: Socket._handle.readStart
NET 28629: _read - n 65536 isConnecting? false hasHandle? true
NET 28629: Socket._handle.readStart
NET 28629: _read - n 65536 isConnecting? false hasHandle? true
NET 28629: _final: not ended, call shutdown()
NET 28629: _final: not ended, call shutdown()
NET 28629: destroy
NET 28629: close
NET 28629: close handle
NET 28629: afterShutdown destroyed=false
NET 28629: destroy
NET 28629: close
NET 28629: close handle
NET 28629: afterShutdown destroyed=false
NET 28629: destroy
NET 28629: close
NET 28629: close handle
NET 28629: emit close
NET 28629: emit close
⚠ Port 3000 is in use by process 28624, using available port 3001 instead.
▲ Next.js 16.2.10 (Turbopack)
- Local:         http://localhost:3001
- Network:       http://25.45.197.162:3001
- Environments: .env.local
✓ Ready in 385ms
NET 28629: emit close
⨯ Another next dev server is already running.

- Local:        http://localhost:3000
- PID:          28624
- Dir:          /Users/sammycuartas/Documents/Documentos - MacBook de Sammy/asao/projects/mps
- Log:          .next/dev/logs/next-development.log

Run kill 28624 to stop it.
NET 28319: _read - n 65536 isConnecting? false hasHandle? true
NET 28319: Socket._handle.readStart
NET 28319: _read - n 65536 isConnecting? false hasHandle? true
NET 28319: Socket._handle.readStart
[?25h
